<?xml version="1.0" encoding="UTF-8"?>
<TestRun id="ba88a294-adb4-48ca-be0f-669afbd5a82e" name="menohack@MENORIG 2011-11-19 12:53:18" runUser="menorig\menohack" xmlns="http://microsoft.com/schemas/VisualStudio/TeamTest/2010">
  <TestSettings name="Local" id="13f8ba92-f257-411c-8315-4e843336acc1">
    <Description>These are default test settings for a local test run.</Description>
    <Deployment enabled="false" runDeploymentRoot="menohack_MENORIG 2011-11-19 12_53_18">
      <DeploymentItem filename="D:\Coolege\OOSE\Angry Friends\angry-friends\Friendly Wars\Bin\Debug\Friendly Wars.dll" />
    </Deployment>
    <Execution>
      <TestTypeSpecific />
      <AgentRule name="Execution Agents">
      </AgentRule>
    </Execution>
  </TestSettings>
  <Times creation="2011-11-19T12:53:18.6700000-05:00" queuing="2011-11-19T12:53:21.0270000-05:00" start="2011-11-19T12:53:21.1800000-05:00" finish="2011-11-19T12:53:23.2570000-05:00" />
  <ResultSummary outcome="Failed">
    <Counters total="1" executed="1" error="0" failed="1" timeout="0" aborted="0" inconclusive="0" passedButRunAborted="0" notRunnable="0" notExecuted="0" disconnected="0" warning="0" passed="0" completed="0" inProgress="0" pending="0" />
  </ResultSummary>
  <TestDefinitions>
    <UnitTest name="Collide" storage="d:\coolege\oose\angry friends\angry-friends\friendly wars test\bin\debug\friendly wars test.dll" id="33ea3b22-00a7-f96a-459a-c60d0f023f03">
      <Execution id="29f780d3-c711-442b-b80d-716edd7957ce" />
      <TestMethod codeBase="D:/Coolege/OOSE/Angry Friends/angry-friends/Friendly Wars Test/bin/Debug/Friendly Wars Test.DLL" adapterTypeName="Microsoft.VisualStudio.TestTools.TestTypes.Unit.UnitTestAdapter, Microsoft.VisualStudio.QualityTools.Tips.UnitTest.Adapter, Version=10.0.0.0, Culture=neutral, PublicKeyToken=b03f5f7f11d50a3a" className="Friendly_Wars_Test.TransformComponentTest, Friendly Wars Test, Version=1.0.0.0, Culture=neutral, PublicKeyToken=null" name="Collide" />
    </UnitTest>
  </TestDefinitions>
  <TestLists>
    <TestList name="Results Not in a List" id="8c84fa94-04c1-424b-9868-57a2d4851a1d" />
    <TestList name="All Loaded Results" id="19431567-8539-422a-85d7-44ee4e166bda" />
  </TestLists>
  <TestEntries>
    <TestEntry testId="33ea3b22-00a7-f96a-459a-c60d0f023f03" executionId="29f780d3-c711-442b-b80d-716edd7957ce" testListId="8c84fa94-04c1-424b-9868-57a2d4851a1d" />
  </TestEntries>
  <Results>
    <UnitTestResult executionId="29f780d3-c711-442b-b80d-716edd7957ce" testId="33ea3b22-00a7-f96a-459a-c60d0f023f03" testName="Collide" computerName="MENORIG" duration="00:00:00.2489961" startTime="2011-11-19T12:53:21.2400000-05:00" endTime="2011-11-19T12:53:23.0220000-05:00" testType="13cdc9d9-ddb5-4fa4-a97d-d965ccfc6d4b" outcome="Failed" testListId="8c84fa94-04c1-424b-9868-57a2d4851a1d" relativeResultsDirectory="29f780d3-c711-442b-b80d-716edd7957ce">
      <Output>
        <ErrorInfo>
          <Message>Test method Friendly_Wars_Test.TransformComponentTest.Collide threw exception: 
System.IO.FileNotFoundException: Could not load file or assembly 'System.Windows, Version=2.0.5.0, Culture=neutral, PublicKeyToken=7cec85d7bea7798e' or one of its dependencies. The system cannot find the file specified.=== Pre-bind state information ===
LOG: User = menorig\menohack
LOG: DisplayName = System.Windows, Version=2.0.5.0, Culture=neutral, PublicKeyToken=7cec85d7bea7798e
 (Fully-specified)
LOG: Appbase = file:///D:/Coolege/OOSE/Angry Friends/angry-friends/Friendly Wars Test/bin/Debug
LOG: Initial PrivatePath = NULL
Calling assembly : Friendly Wars, Version=1.0.0.0, Culture=neutral, PublicKeyToken=null.
===
LOG: This bind starts in default load context.
LOG: Using application configuration file: C:\Program Files (x86)\Microsoft Visual Studio 10.0\Common7\IDE\QTAgent32.exe.Config
LOG: Using host configuration file: 
LOG: Using machine configuration file from C:\Windows\Microsoft.NET\Framework\v4.0.30319\config\machine.config.
LOG: Post-policy reference: System.Windows, Version=2.0.5.0, Culture=neutral, PublicKeyToken=7cec85d7bea7798e
LOG: Attempting download of new URL file:///D:/Coolege/OOSE/Angry Friends/angry-friends/Friendly Wars Test/bin/Debug/System.Windows.DLL.
LOG: Attempting download of new URL file:///D:/Coolege/OOSE/Angry Friends/angry-friends/Friendly Wars Test/bin/Debug/System.Windows/System.Windows.DLL.
LOG: Attempting download of new URL file:///D:/Coolege/OOSE/Angry Friends/angry-friends/Friendly Wars Test/bin/Debug/PrivateAssemblies/System.Windows.DLL.
LOG: Attempting download of new URL file:///D:/Coolege/OOSE/Angry Friends/angry-friends/Friendly Wars Test/bin/Debug/PrivateAssemblies/System.Windows/System.Windows.DLL.
LOG: Attempting download of new URL file:///D:/Coolege/OOSE/Angry Friends/angry-friends/Friendly Wars Test/bin/Debug/PublicAssemblies/System.Windows.DLL.
LOG: Attempting download of new URL file:///D:/Coolege/OOSE/Angry Friends/angry-friends/Friendly Wars Test/bin/Debug/PublicAssemblies/System.Windows/System.Windows.DLL.
LOG: Attempting download of new URL file:///D:/Coolege/OOSE/Angry Friends/angry-friends/Friendly Wars Test/bin/Debug/DataCollectors/System.Windows.DLL.
LOG: Attempting download of new URL file:///D:/Coolege/OOSE/Angry Friends/angry-friends/Friendly Wars Test/bin/Debug/DataCollectors/System.Windows/System.Windows.DLL.
LOG: Attempting download of new URL file:///D:/Coolege/OOSE/Angry Friends/angry-friends/Friendly Wars Test/bin/Debug/DataCollectors/x86/System.Windows.DLL.
LOG: Attempting download of new URL file:///D:/Coolege/OOSE/Angry Friends/angry-friends/Friendly Wars Test/bin/Debug/DataCollectors/x86/System.Windows/System.Windows.DLL.
LOG: Attempting download of new URL file:///D:/Coolege/OOSE/Angry Friends/angry-friends/Friendly Wars Test/bin/Debug/PrivateAssemblies/DataCollectors/System.Windows.DLL.
LOG: Attempting download of new URL file:///D:/Coolege/OOSE/Angry Friends/angry-friends/Friendly Wars Test/bin/Debug/PrivateAssemblies/DataCollectors/System.Windows/System.Windows.DLL.
LOG: Attempting download of new URL file:///D:/Coolege/OOSE/Angry Friends/angry-friends/Friendly Wars Test/bin/Debug/PrivateAssemblies/DataCollectors/x86/System.Windows.DLL.
LOG: Attempting download of new URL file:///D:/Coolege/OOSE/Angry Friends/angry-friends/Friendly Wars Test/bin/Debug/PrivateAssemblies/DataCollectors/x86/System.Windows/System.Windows.DLL.
LOG: Attempting download of new URL file:///D:/Coolege/OOSE/Angry Friends/angry-friends/Friendly Wars Test/bin/Debug/System.Windows.EXE.
LOG: Attempting download of new URL file:///D:/Coolege/OOSE/Angry Friends/angry-friends/Friendly Wars Test/bin/Debug/System.Windows/System.Windows.EXE.
LOG: Attempting download of new URL file:///D:/Coolege/OOSE/Angry Friends/angry-friends/Friendly Wars Test/bin/Debug/PrivateAssemblies/System.Windows.EXE.
LOG: Attempting download of new URL file:///D:/Coolege/OOSE/Angry Friends/angry-friends/Friendly Wars Test/bin/Debug/PrivateAssemblies/System.Windows/System.Windows.EXE.
LOG: Attempting download of new URL file:///D:/Coolege/OOSE/Angry Friends/angry-friends/Friendly Wars Test/bin/Debug/PublicAssemblies/System.Windows.EXE.
LOG: Attempting download of new URL file:///D:/Coolege/OOSE/Angry Friends/angry-friends/Friendly Wars Test/bin/Debug/PublicAssemblies/System.Windows/System.Windows.EXE.
LOG: Attempting download of new URL file:///D:/Coolege/OOSE/Angry Friends/angry-friends/Friendly Wars Test/bin/Debug/DataCollectors/System.Windows.EXE.
LOG: Attempting download of new URL file:///D:/Coolege/OOSE/Angry Friends/angry-friends/Friendly Wars Test/bin/Debug/DataCollectors/System.Windows/System.Windows.EXE.
LOG: Attempting download of new URL file:///D:/Coolege/OOSE/Angry Friends/angry-friends/Friendly Wars Test/bin/Debug/DataCollectors/x86/System.Windows.EXE.
LOG: Attempting download of new URL file:///D:/Coolege/OOSE/Angry Friends/angry-friends/Friendly Wars Test/bin/Debug/DataCollectors/x86/System.Windows/System.Windows.EXE.
LOG: Attempting download of new URL file:///D:/Coolege/OOSE/Angry Friends/angry-friends/Friendly Wars Test/bin/Debug/PrivateAssemblies/DataCollectors/System.Windows.EXE.
LOG: Attempting download of new URL file:///D:/Coolege/OOSE/Angry Friends/angry-friends/Friendly Wars Test/bin/Debug/PrivateAssemblies/DataCollectors/System.Windows/System.Windows.EXE.
LOG: Attempting download of new URL file:///D:/Coolege/OOSE/Angry Friends/angry-friends/Friendly Wars Test/bin/Debug/PrivateAssemblies/DataCollectors/x86/System.Windows.EXE.
LOG: Attempting download of new URL file:///D:/Coolege/OOSE/Angry Friends/angry-friends/Friendly Wars Test/bin/Debug/PrivateAssemblies/DataCollectors/x86/System.Windows/System.Windows.EXE.
</Message>
          <StackTrace>    at Friendly_Wars_Test.TransformComponentTest.Collide()
</StackTrace>
        </ErrorInfo>
      </Output>
    </UnitTestResult>
  </Results>
</TestRun>